// Jest Snapshot v1, https://goo.gl/fbAQLP

exports[`<Loader /> should not crash 1`] = `
<div
  className="sc-jnlKLf dzQmya"
>
  <div
    className="centered"
  >
    <div
      className="sc-fMiknA iIEoBL"
    >
      <div />
    </div>
  </div>
</div>
`;
